[
  {
    "name": "Alice",
    "age": 28
  },
  {
    "name": "Bob",
    "age": 22
  }
]
