{
  "object": {
    "id": "<id>",
    "created_at": "<date>",
    "name": "test",
    "deleted_at": null
  }
}