[
  {
    "arr": [
      2,
      1,
      3
    ]
  },
  {
    "arr": [
      5,
      4,
      6
    ]
  },
  {
    "arr": [
      8,
      7,
      9
    ]
  }
]
