{
	:meal => "breakfast"
	:proteins => "90%"
	:price => 38
	:delicious => true
}
