{
  "object": {
    "id": "<id>",
    "created_at": "<date>",
    "name": "test"
  }
}