{
  "pet": {
    "species": "turtle",
    "color": "green",
    "name": "Anthony"
  }
}
