<!DOCTYPE html>
<html xmlns="http://www.w3.org/1999/xhtml">
  <head>
    <meta http-equiv="Content-Type" content="text/html; charset=UTF-8" />
    <title>Hoi</title>
    <script async="" defer="defer" src="http://foo.com/bar.js"></script>
  </head>
  <body>
    <h1>yo</h1>
  </body>
</html>
