[
  {
    "arr": [
      1,
      2,
      3
    ]
  },
  {
    "arr": [
      2,
      3,
      1
    ]
  },
  {
    "arr": [
      3,
      2,
      1
    ]
  }
]
