[
  {
    "arr": [
      1,
      2,
      3
    ]
  },
  {
    "arr": [
      4,
      5,
      6
    ]
  },
  {
    "arr": [
      7,
      8,
      9
    ]
  }
]
