We have, I fear, confused power with <%= $what %>.