[0] "abc"
[1] 123
[2] :zomg_fooooood
[3] ["cheese", "burger", "ribs", "steak", "bacon"]
